// Jest Snapshot v1, https://goo.gl/fbAQLP

exports[`<Input /> tests renders an <Input /> component 1`] = `
<div
  className="field"
>
  <label
    className="label"
  >
    
  </label>
  <div
    className="control"
  >
    <input
      className="input is-medium is-hovered"
      name=""
      onChange={[MockFunction]}
      placeholder=""
      required={false}
      type=""
    />
  </div>
</div>
`;
